// Jest Snapshot v1, https://goo.gl/fbAQLP

exports[`OfferCardDetails successfully rendered 1`] = `
<Connect(OfferCardDetail)
  card={
    Object {
      "addressCoords": Array [
        52.3909553943508,
        4.85309666406198,
      ],
      "avgMark": 4.5,
      "bedroomNo": 1,
      "capacity": 1,
      "city": "Amsterdam",
      "comments": Array [
        Object {
          "author": "Max",
          "authorImg": "/img/avatar-max.jpg",
          "comment": "A quiet cozy and picturesque that hides behind a a river by the unique lightness of Amsterdam. The building is green and from 18th century.",
          "date": "2020-01-26T13:51:50.417Z",
          "id": 1,
          "mark": 4,
        },
        Object {
          "author": "Max",
          "authorImg": "/img/avatar-max.jpg",
          "comment": "A quiet cozy and picturesque that hides behind a a river by the unique lightness of Amsterdam. The building is green and from 18th century.",
          "date": "2020-01-26T13:51:50.417Z",
          "id": 2,
          "mark": 4,
        },
      ],
      "descriptions": Array [
        "A quiet cozy and picturesque that hides behind a a river by the unique lightness of Amsterdam. The building is green and from 18th century.",
        "An independent House, strategically located between Rembrand Square and National Opera, but where the bustle of the city comes to rest in this alley flowery and colorful.",
      ],
      "facilities": Array [
        "Wi-Fi",
        "Heating",
        "Kitchen",
        "Fridge",
        "Washing machine",
        "Coffee machine",
        "Dishwasher",
      ],
      "hostUser": Object {
        "img": "/img/avatar-angelina.jpg",
        "name": "Angelina",
        "status": "pro",
      },
      "id": 0,
      "imgs": Array [
        "/img/apartment-01.jpg",
        "/img/apartment-02.jpg",
        "/img/apartment-03.jpg",
        "/img/studio-01.jpg",
        "/img/room.jpg",
      ],
      "isInBookmark": true,
      "isPremium": true,
      "mark": 4,
      "name": "Beautiful & luxurious apartment at great location",
      "nearOffers": Array [
        1,
        2,
        3,
      ],
      "price": 120,
      "reviews": 2,
      "type": "Apartment",
    }
  }
  history={
    Object {
      "push": [Function],
    }
  }
  match={
    Object {
      "params": Object {
        "id": 0,
      },
    }
  }
  onHeaderClick={[Function]}
/>
`;
