// Jest Snapshot v1, https://goo.gl/fbAQLP

exports[`App successfully rendered 1`] = `
<Connect(Main)
  history={
    Object {
      "action": "POP",
      "block": [Function],
      "createHref": [Function],
      "go": [Function],
      "goBack": [Function],
      "goForward": [Function],
      "length": 1,
      "listen": [Function],
      "location": Object {
        "hash": "",
        "pathname": "/",
        "search": "",
        "state": undefined,
      },
      "push": [Function],
      "replace": [Function],
    }
  }
  location={
    Object {
      "hash": "",
      "pathname": "/",
      "search": "",
      "state": undefined,
    }
  }
  match={
    Object {
      "isExact": true,
      "params": Object {},
      "path": "/",
      "url": "/",
    }
  }
>
  <div
    className="page page--gray page--main"
  >
    <header
      className="header"
    >
      <div
        className="container"
      >
        <div
          className="header__wrapper"
        >
          <div
            className="header__left"
          >
            <a
              className="header__logo-link header__logo-link--active"
            >
              <img
                alt="6 cities logo"
                className="header__logo"
                height="41"
                src="img/logo.svg"
                width="81"
              />
            </a>
          </div>
          <nav
            className="header__nav"
          >
            <ul
              className="header__nav-list"
            >
              <li
                className="header__nav-item user"
              >
                <Link
                  className="header__nav-link header__nav-link--profile"
                  to="/login"
                >
                  <LinkAnchor
                    className="header__nav-link header__nav-link--profile"
                    href="/login"
                    navigate={[Function]}
                  >
                    <a
                      className="header__nav-link header__nav-link--profile"
                      href="/login"
                      onClick={[Function]}
                    >
                      <div
                        className="header__avatar-wrapper user__avatar-wrapper"
                      />
                      <span
                        className="header__login"
                      >
                        Sign in
                      </span>
                    </a>
                  </LinkAnchor>
                </Link>
              </li>
            </ul>
          </nav>
        </div>
      </div>
    </header>
    <main
      className="page__main page__main--index "
    >
      <h1
        className="visually-hidden"
      >
        Cities
      </h1>
      <div
        className="tabs"
      >
        <section
          className="locations container"
        >
          <ul
            className="locations__list tabs__list"
          >
            <li
              className="locations__item"
              onMouseEnter={[Function]}
              onMouseLeave={[Function]}
              style={Object {}}
            >
              <a
                className="locations__item-link tabs__item tabs__item--active"
                data-test="test-city-click"
                onClick={[Function]}
              >
                <span>
                  Amsterdam
                </span>
              </a>
            </li>
          </ul>
        </section>
      </div>
      <div
        className="cities"
      >
        <div
          className="cities__places-container container "
        >
          <section
            className="cities__places places"
          >
            <h2
              className="visually-hidden"
            >
              Places
            </h2>
            <b
              className="places__found"
            >
              4
               places to stay in 
              Amsterdam
            </b>
            <form
              action="#"
              className="places__sorting"
              method="get"
            >
              <span
                className="places__sorting-caption"
              >
                Sort by
              </span>
              <span
                className="places__sorting-type"
                onClick={[Function]}
                tabIndex={0}
              >
                Popular
                <svg
                  className="places__sorting-arrow"
                  height="4"
                  width="7"
                >
                  <use
                    xlinkHref="#icon-arrow-select"
                  />
                </svg>
              </span>
              <ul
                className="places__options places__options--custom places__options--custom"
              >
                <li
                  className="places__option places__option--active"
                  data-test="test-filter-click"
                  key="popular - 0"
                  onClick={[Function]}
                  tabIndex={0}
                >
                  Popular
                </li>
                <li
                  className="places__option false"
                  data-test="test-filter-click"
                  key="lowToHigh - 1"
                  onClick={[Function]}
                  tabIndex={0}
                >
                  Price: low to high
                </li>
                <li
                  className="places__option false"
                  data-test="test-filter-click"
                  key="highToLow - 2"
                  onClick={[Function]}
                  tabIndex={0}
                >
                  Price: high to low
                </li>
                <li
                  className="places__option false"
                  data-test="test-filter-click"
                  key="topRated - 3"
                  onClick={[Function]}
                  tabIndex={0}
                >
                  Top rated first
                </li>
              </ul>
            </form>
            <div
              className="cities__places-list places__list tabs__content"
            >
              Array [
                <Connect(withRouter(OfferCard))
                  card={
                    Object {
                      "addressCoords": Array [
                        52.3909553943508,
                        4.85309666406198,
                      ],
                      "avgMark": 4.5,
                      "bedroomNo": 1,
                      "capacity": 1,
                      "city": Object {
                        "location": Object {
                          "latitude": 52.37454,
                          "longitude": 4.897976,
                          "zoom": 13,
                        },
                        "name": "Amsterdam",
                      },
                      "comments": Array [
                        Object {
                          "comment": "A quiet cozy and picturesque that hides behind a a river by the unique lightness of Amsterdam. The building is green and from 18th century.",
                          "date": "2020-01-26T13:51:50.417Z",
                          "id": 1,
                          "mark": 4,
                          "user": Object {
                            "email": "laura@example.com",
                            "id": 1,
                            "img": "/static/avatar/7.jpg",
                            "isPro": false,
                            "name": "laura",
                          },
                        },
                        Object {
                          "comment": "A quiet cozy and picturesque that hides behind a a river by the unique lightness of Amsterdam. The building is green and from 18th century.",
                          "date": "2020-01-26T13:51:50.417Z",
                          "id": 2,
                          "mark": 4,
                          "user": Object {
                            "email": "laura@example.com",
                            "id": 1,
                            "img": "/static/avatar/7.jpg",
                            "isPro": false,
                            "name": "laura",
                          },
                        },
                      ],
                      "descriptions": Array [
                        "A quiet cozy and picturesque that hides behind a a river by the unique lightness of Amsterdam. The building is green and from 18th century.",
                        "An independent House, strategically located between Rembrand Square and National Opera, but where the bustle of the city comes to rest in this alley flowery and colorful.",
                      ],
                      "facilities": Array [
                        "Wi-Fi",
                        "Heating",
                        "Kitchen",
                        "Fridge",
                        "Washing machine",
                        "Coffee machine",
                        "Dishwasher",
                      ],
                      "hostUser": Object {
                        "img": "/img/avatar-angelina.jpg",
                        "isPro": true,
                        "name": "Angelina",
                      },
                      "id": 0,
                      "imgs": Array [
                        "/img/apartment-01.jpg",
                        "/img/apartment-02.jpg",
                        "/img/apartment-03.jpg",
                        "/img/studio-01.jpg",
                        "/img/room.jpg",
                      ],
                      "isInBookmark": true,
                      "isPremium": true,
                      "mark": 4,
                      "name": "Beautiful & luxurious apartment at great location",
                      "previewImg": "/img/apartment-01.jpg",
                      "price": 120,
                      "reviews": 2,
                      "type": "Apartment",
                    }
                  }
                  hovered={false}
                  onHover={[Function]}
                  onUnHover={[Function]}
                >
                  <article
                    className="cities__place-card  place-card"
                    data-test="test-card-hover"
                    onMouseEnter={[Function]}
                    onMouseLeave={[Function]}
                  >
                    <div
                      className="place-card__mark"
                    >
                      <span>
                        Premium
                      </span>
                    </div>
                    <div
                      className="cities__image-wrapper  place-card__image-wrapper"
                    >
                      <a
                        href="#"
                      >
                        <img
                          alt="Place image"
                          className="place-card__image"
                          height="200"
                          src="/img/apartment-01.jpg"
                          width="260"
                        />
                      </a>
                    </div>
                    <div
                      className=" place-card__info"
                    >
                      <div
                        className="place-card__price-wrapper"
                      >
                        <div
                          className="place-card__price"
                        >
                          <b
                            className="place-card__price-value"
                          >
                            €
                            120
                          </b>
                          <span
                            className="place-card__price-text"
                          >
                            / night
                          </span>
                        </div>
                        <Link
                          onClick={[Function]}
                          to="/login"
                        >
                          <LinkAnchor
                            href="/login"
                            navigate={[Function]}
                            onClick={[Function]}
                          >
                            <a
                              href="/login"
                              onClick={[Function]}
                            >
                              <button
                                className="place-card__bookmark-button button place-card__bookmark-button--active"
                                type="button"
                              >
                                <svg
                                  className="place-card__bookmark-icon"
                                  height="19"
                                  width="18"
                                >
                                  <use
                                    xlinkHref="#icon-bookmark"
                                  />
                                </svg>
                                <span
                                  className="visually-hidden"
                                >
                                  In
                                   bookmarks
                                </span>
                              </button>
                            </a>
                          </LinkAnchor>
                        </Link>
                      </div>
                      <div
                        className="place-card__rating rating"
                      >
                        <div
                          className="place-card__stars rating__stars"
                        >
                          <span
                            style={
                              Object {
                                "width": "80%",
                              }
                            }
                          />
                          <span
                            className="visually-hidden"
                          >
                            Rating
                          </span>
                        </div>
                      </div>
                      <h2
                        className="place-card__name"
                      >
                        <Link
                          data-test="test-header-click"
                          href="#"
                          to="/offer/0"
                        >
                          <LinkAnchor
                            data-test="test-header-click"
                            href="/offer/0"
                            navigate={[Function]}
                          >
                            <a
                              data-test="test-header-click"
                              href="/offer/0"
                              onClick={[Function]}
                            >
                              Beautiful & luxurious apartment at great location
                            </a>
                          </LinkAnchor>
                        </Link>
                      </h2>
                      <p
                        className="place-card__type"
                      >
                        Apartment
                      </p>
                    </div>
                  </article>
                </Connect(withRouter(OfferCard))>,
                <Connect(withRouter(OfferCard))
                  card={
                    Object {
                      "addressCoords": Array [
                        52.369553943508,
                        4.85309666406198,
                      ],
                      "avgMark": 4.5,
                      "bedroomNo": 3,
                      "capacity": 4,
                      "city": Object {
                        "location": Object {
                          "latitude": 52.37454,
                          "longitude": 4.897976,
                          "zoom": 13,
                        },
                        "name": "Amsterdam",
                      },
                      "comments": Array [
                        Object {
                          "comment": "A quiet cozy and picturesque that hides behind a a river by the unique lightness of Amsterdam. The building is green and from 18th century.",
                          "date": "2020-01-26T13:51:50.417Z",
                          "id": 2,
                          "mark": 4,
                          "user": Object {
                            "email": "laura@example.com",
                            "id": 1,
                            "img": "/static/avatar/7.jpg",
                            "isPro": false,
                            "name": "laura",
                          },
                        },
                      ],
                      "descriptions": Array [
                        "An independent House, strategically located between Rembrand Square and National Opera, but where the bustle of the city comes to rest in this alley flowery and colorful.",
                      ],
                      "facilities": Array [
                        "Wi-Fi",
                        "Heating",
                        "Kitchen",
                        "Fridge",
                        "Washing machine",
                        "Coffee machine",
                        "Dishwasher",
                        "Towels",
                        "Baby seat",
                      ],
                      "hostUser": Object {
                        "img": "/img/avatar-angelina.jpg",
                        "isPro": true,
                        "name": "Natalia",
                      },
                      "id": 1,
                      "imgs": Array [
                        "/img/room.jpg",
                        "/img/apartment-01.jpg",
                        "/img/apartment-02.jpg",
                        "/img/apartment-03.jpg",
                        "/img/studio-01.jpg",
                        "/img/room.jpg",
                      ],
                      "isInBookmark": true,
                      "isPremium": false,
                      "mark": 0,
                      "name": "Wood and stone place",
                      "previewImg": "/img/apartment-01.jpg",
                      "price": 80,
                      "reviews": 2,
                      "type": "Private room",
                    }
                  }
                  hovered={false}
                  onHover={[Function]}
                  onUnHover={[Function]}
                >
                  <article
                    className="cities__place-card  place-card"
                    data-test="test-card-hover"
                    onMouseEnter={[Function]}
                    onMouseLeave={[Function]}
                  >
                    <div
                      className="cities__image-wrapper  place-card__image-wrapper"
                    >
                      <a
                        href="#"
                      >
                        <img
                          alt="Place image"
                          className="place-card__image"
                          height="200"
                          src="/img/apartment-01.jpg"
                          width="260"
                        />
                      </a>
                    </div>
                    <div
                      className=" place-card__info"
                    >
                      <div
                        className="place-card__price-wrapper"
                      >
                        <div
                          className="place-card__price"
                        >
                          <b
                            className="place-card__price-value"
                          >
                            €
                            80
                          </b>
                          <span
                            className="place-card__price-text"
                          >
                            / night
                          </span>
                        </div>
                        <Link
                          onClick={[Function]}
                          to="/login"
                        >
                          <LinkAnchor
                            href="/login"
                            navigate={[Function]}
                            onClick={[Function]}
                          >
                            <a
                              href="/login"
                              onClick={[Function]}
                            >
                              <button
                                className="place-card__bookmark-button button place-card__bookmark-button--active"
                                type="button"
                              >
                                <svg
                                  className="place-card__bookmark-icon"
                                  height="19"
                                  width="18"
                                >
                                  <use
                                    xlinkHref="#icon-bookmark"
                                  />
                                </svg>
                                <span
                                  className="visually-hidden"
                                >
                                  In
                                   bookmarks
                                </span>
                              </button>
                            </a>
                          </LinkAnchor>
                        </Link>
                      </div>
                      <div
                        className="place-card__rating rating"
                      >
                        <div
                          className="place-card__stars rating__stars"
                        >
                          <span
                            style={
                              Object {
                                "width": "0%",
                              }
                            }
                          />
                          <span
                            className="visually-hidden"
                          >
                            Rating
                          </span>
                        </div>
                      </div>
                      <h2
                        className="place-card__name"
                      >
                        <Link
                          data-test="test-header-click"
                          href="#"
                          to="/offer/1"
                        >
                          <LinkAnchor
                            data-test="test-header-click"
                            href="/offer/1"
                            navigate={[Function]}
                          >
                            <a
                              data-test="test-header-click"
                              href="/offer/1"
                              onClick={[Function]}
                            >
                              Wood and stone place
                            </a>
                          </LinkAnchor>
                        </Link>
                      </h2>
                      <p
                        className="place-card__type"
                      >
                        Private room
                      </p>
                    </div>
                  </article>
                </Connect(withRouter(OfferCard))>,
                <Connect(withRouter(OfferCard))
                  card={
                    Object {
                      "addressCoords": Array [
                        52.3909553943508,
                        4.929309666406198,
                      ],
                      "avgMark": 4.5,
                      "bedroomNo": 3,
                      "capacity": 4,
                      "city": Object {
                        "location": Object {
                          "latitude": 52.37454,
                          "longitude": 4.897976,
                          "zoom": 13,
                        },
                        "name": "Amsterdam",
                      },
                      "comments": Array [
                        Object {
                          "comment": "A quiet cozy and picturesque that hides behind a a river by the unique lightness of Amsterdam. The building is green and from 18th century.",
                          "date": "2020-01-26T13:51:50.417Z",
                          "id": 1,
                          "mark": 4,
                          "user": Object {
                            "email": "laura@example.com",
                            "id": 1,
                            "img": "/static/avatar/7.jpg",
                            "isPro": false,
                            "name": "laura",
                          },
                        },
                        Object {
                          "comment": "A quiet cozy and picturesque that hides behind a a river by the unique lightness of Amsterdam. The building is green and from 18th century.",
                          "date": "2020-01-26T13:51:50.417Z",
                          "id": 2,
                          "mark": 4,
                          "user": Object {
                            "email": "laura@example.com",
                            "id": 1,
                            "img": "/static/avatar/7.jpg",
                            "isPro": false,
                            "name": "laura",
                          },
                        },
                      ],
                      "descriptions": Array [
                        "Chalets Alpins- 15 Chemin des Skieurs is located in Stoneham, 9.7 km from Les Marais du Nord, 9.7 km from Camping Stoneham, as well as 19.3 km from Nordique Spa Stoneham. The air-conditioned accommodation is an 8-minute walk from Halte O Spa, and guests benefit from private parking available on site and free WiFi.",
                        "Aventures Nord-Bec is 24.1 km from the chalet, while Jacques-Cartier National Park is 48.3 km from the property. The nearest airport is Québec City Jean Lesage International Airport, 40.2 km from Chalets Alpins- 15.",
                      ],
                      "facilities": Array [
                        "Wi-Fi",
                        "Heating",
                        "Kitchen",
                        "Fridge",
                        "Washing machine",
                        "Coffee machine",
                        "Dishwasher",
                        "Towels",
                        "Baby seat",
                        "Cabel TV",
                      ],
                      "hostUser": Object {
                        "img": "/img/avatar-angelina.jpg",
                        "isPro": true,
                        "name": "Olga",
                      },
                      "id": 2,
                      "imgs": Array [
                        "/img/apartment-02.jpg",
                        "/img/apartment-01.jpg",
                        "/img/apartment-02.jpg",
                        "/img/apartment-03.jpg",
                        "/img/studio-01.jpg",
                        "/img/room.jpg",
                      ],
                      "isInBookmark": false,
                      "isPremium": false,
                      "mark": 4,
                      "name": "Canal View Prinsengracht",
                      "previewImg": "/img/apartment-01.jpg",
                      "price": 132,
                      "reviews": 2,
                      "type": "Apartment",
                    }
                  }
                  hovered={false}
                  onHover={[Function]}
                  onUnHover={[Function]}
                >
                  <article
                    className="cities__place-card  place-card"
                    data-test="test-card-hover"
                    onMouseEnter={[Function]}
                    onMouseLeave={[Function]}
                  >
                    <div
                      className="cities__image-wrapper  place-card__image-wrapper"
                    >
                      <a
                        href="#"
                      >
                        <img
                          alt="Place image"
                          className="place-card__image"
                          height="200"
                          src="/img/apartment-01.jpg"
                          width="260"
                        />
                      </a>
                    </div>
                    <div
                      className=" place-card__info"
                    >
                      <div
                        className="place-card__price-wrapper"
                      >
                        <div
                          className="place-card__price"
                        >
                          <b
                            className="place-card__price-value"
                          >
                            €
                            132
                          </b>
                          <span
                            className="place-card__price-text"
                          >
                            / night
                          </span>
                        </div>
                        <Link
                          onClick={[Function]}
                          to="/login"
                        >
                          <LinkAnchor
                            href="/login"
                            navigate={[Function]}
                            onClick={[Function]}
                          >
                            <a
                              href="/login"
                              onClick={[Function]}
                            >
                              <button
                                className="place-card__bookmark-button button false"
                                type="button"
                              >
                                <svg
                                  className="place-card__bookmark-icon"
                                  height="19"
                                  width="18"
                                >
                                  <use
                                    xlinkHref="#icon-bookmark"
                                  />
                                </svg>
                                <span
                                  className="visually-hidden"
                                >
                                  To
                                   bookmarks
                                </span>
                              </button>
                            </a>
                          </LinkAnchor>
                        </Link>
                      </div>
                      <div
                        className="place-card__rating rating"
                      >
                        <div
                          className="place-card__stars rating__stars"
                        >
                          <span
                            style={
                              Object {
                                "width": "80%",
                              }
                            }
                          />
                          <span
                            className="visually-hidden"
                          >
                            Rating
                          </span>
                        </div>
                      </div>
                      <h2
                        className="place-card__name"
                      >
                        <Link
                          data-test="test-header-click"
                          href="#"
                          to="/offer/2"
                        >
                          <LinkAnchor
                            data-test="test-header-click"
                            href="/offer/2"
                            navigate={[Function]}
                          >
                            <a
                              data-test="test-header-click"
                              href="/offer/2"
                              onClick={[Function]}
                            >
                              Canal View Prinsengracht
                            </a>
                          </LinkAnchor>
                        </Link>
                      </h2>
                      <p
                        className="place-card__type"
                      >
                        Apartment
                      </p>
                    </div>
                  </article>
                </Connect(withRouter(OfferCard))>,
                <Connect(withRouter(OfferCard))
                  card={
                    Object {
                      "addressCoords": Array [
                        52.3809553943508,
                        4.939309666406198,
                      ],
                      "avgMark": 4.5,
                      "bedroomNo": 3,
                      "capacity": 4,
                      "city": Object {
                        "location": Object {
                          "latitude": 52.37454,
                          "longitude": 4.897976,
                          "zoom": 13,
                        },
                        "name": "Amsterdam",
                      },
                      "comments": Array [
                        Object {
                          "comment": "A quiet cozy and picturesque that hides behind a a river by the unique lightness of Amsterdam. The building is green and from 18th century.",
                          "date": "2020-03-26T13:51:50.417Z",
                          "id": 1,
                          "mark": 1,
                          "user": Object {
                            "email": "laura@example.com",
                            "id": 1,
                            "img": "/static/avatar/7.jpg",
                            "isPro": false,
                            "name": "laura",
                          },
                        },
                        Object {
                          "comment": "A quiet cozy and picturesque that hides behind a a river by the unique lightness of Amsterdam. The building is green and from 18th century.",
                          "date": "2020-01-26T13:51:50.417Z",
                          "id": 2,
                          "mark": 4,
                          "user": Object {
                            "email": "laura@example.com",
                            "id": 1,
                            "img": "/static/avatar/7.jpg",
                            "isPro": false,
                            "name": "laura",
                          },
                        },
                      ],
                      "descriptions": Array [
                        "A quiet cozy and picturesque that hides behind a a river by the unique lightness of Amsterdam. The building is green and from 18th century.",
                        "An independent House, strategically located between Rembrand Square and National Opera, but where the bustle of the city comes to rest in this alley flowery and colorful.",
                        "The chalet features 5 separate bedrooms, 1 bathroom, a fully equipped kitchen with a dining area and dishwasher, and a living room with a TV.",
                      ],
                      "facilities": Array [
                        "Wi-Fi",
                        "Heating",
                        "Kitchen",
                        "Fridge",
                        "Washing machine",
                        "Coffee machine",
                        "Dishwasher",
                        "Towels",
                        "Baby seat",
                        "Cabel TV",
                      ],
                      "hostUser": Object {
                        "img": "/img/avatar-angelina.jpg",
                        "isPro": true,
                        "name": "Natalia",
                      },
                      "id": 3,
                      "imgs": Array [
                        "/img/apartment-03.jpg",
                        "/img/apartment-01.jpg",
                        "/img/apartment-02.jpg",
                        "/img/apartment-03.jpg",
                        "/img/studio-01.jpg",
                        "/img/room.jpg",
                      ],
                      "isInBookmark": false,
                      "isPremium": false,
                      "mark": 5,
                      "name": "Nice, cozy, warm big bed apartment",
                      "previewImg": "/img/apartment-01.jpg",
                      "price": 180,
                      "reviews": 2,
                      "type": "Apartment",
                    }
                  }
                  hovered={false}
                  onHover={[Function]}
                  onUnHover={[Function]}
                >
                  <article
                    className="cities__place-card  place-card"
                    data-test="test-card-hover"
                    onMouseEnter={[Function]}
                    onMouseLeave={[Function]}
                  >
                    <div
                      className="cities__image-wrapper  place-card__image-wrapper"
                    >
                      <a
                        href="#"
                      >
                        <img
                          alt="Place image"
                          className="place-card__image"
                          height="200"
                          src="/img/apartment-01.jpg"
                          width="260"
                        />
                      </a>
                    </div>
                    <div
                      className=" place-card__info"
                    >
                      <div
                        className="place-card__price-wrapper"
                      >
                        <div
                          className="place-card__price"
                        >
                          <b
                            className="place-card__price-value"
                          >
                            €
                            180
                          </b>
                          <span
                            className="place-card__price-text"
                          >
                            / night
                          </span>
                        </div>
                        <Link
                          onClick={[Function]}
                          to="/login"
                        >
                          <LinkAnchor
                            href="/login"
                            navigate={[Function]}
                            onClick={[Function]}
                          >
                            <a
                              href="/login"
                              onClick={[Function]}
                            >
                              <button
                                className="place-card__bookmark-button button false"
                                type="button"
                              >
                                <svg
                                  className="place-card__bookmark-icon"
                                  height="19"
                                  width="18"
                                >
                                  <use
                                    xlinkHref="#icon-bookmark"
                                  />
                                </svg>
                                <span
                                  className="visually-hidden"
                                >
                                  To
                                   bookmarks
                                </span>
                              </button>
                            </a>
                          </LinkAnchor>
                        </Link>
                      </div>
                      <div
                        className="place-card__rating rating"
                      >
                        <div
                          className="place-card__stars rating__stars"
                        >
                          <span
                            style={
                              Object {
                                "width": "100%",
                              }
                            }
                          />
                          <span
                            className="visually-hidden"
                          >
                            Rating
                          </span>
                        </div>
                      </div>
                      <h2
                        className="place-card__name"
                      >
                        <Link
                          data-test="test-header-click"
                          href="#"
                          to="/offer/3"
                        >
                          <LinkAnchor
                            data-test="test-header-click"
                            href="/offer/3"
                            navigate={[Function]}
                          >
                            <a
                              data-test="test-header-click"
                              href="/offer/3"
                              onClick={[Function]}
                            >
                              Nice, cozy, warm big bed apartment
                            </a>
                          </LinkAnchor>
                        </Link>
                      </h2>
                      <p
                        className="place-card__type"
                      >
                        Apartment
                      </p>
                    </div>
                  </article>
                </Connect(withRouter(OfferCard))>,
              ]
            </div>
          </section>
          <div
            className="cities__right-section"
          >
            <section
              className="cities__map map"
            />
          </div>
        </div>
      </div>
    </main>
  </div>
</Connect(Main)>
`;
